
 ⛅️ wrangler 4.149.0
────────────────────
Your Worker has access to the following bindings:
Binding                                                Resource                  Mode
env.PLUME_SYNC (9abfbc1017d245ef8def8a6ac8c72418)      KV Namespace              local
env.DB (plume-sync)                                    D1 Database               local
env.SYNC_KEY ("(hidden)")                              Environment Variable      local

⎔ Starting local server...
Wrangler detected this dev session is running in an AI agent.
The Local Explorer API is available at http://127.0.0.1:8787/cdn-cgi/local/explorer/api
Useful routes:
  GET http://127.0.0.1:8787/cdn-cgi/local/explorer/api/local/workers - local Workers and bindings
  POST http://127.0.0.1:8787/cdn-cgi/local/explorer/api/local/scheduled?worker=<name> - invoke a Worker's scheduled handler; cron is required (see the OpenAPI schema for the full request)
  GET http://127.0.0.1:8787/cdn-cgi/local/explorer/api/storage/kv/namespaces - KV namespaces
  GET http://127.0.0.1:8787/cdn-cgi/local/explorer/api/d1/database - D1 databases
  GET http://127.0.0.1:8787/cdn-cgi/local/explorer/api/r2/buckets - R2 buckets
  GET http://127.0.0.1:8787/cdn-cgi/local/explorer/api/workers/durable_objects/namespaces - Durable Object namespaces
  GET http://127.0.0.1:8787/cdn-cgi/local/explorer/api/workflows - Workflows
  POST http://127.0.0.1:8787/cdn-cgi/local/explorer/api/local/observability/query - run a read-only SQL query (SELECT/WITH only) over captured request traces and console logs. Tables: spans, logs (read attributes via json(attributes)). Example:
    curl -X POST http://127.0.0.1:8787/cdn-cgi/local/explorer/api/local/observability/query -H 'Content-Type: application/json' -d '{"sql":"SELECT service, name, outcome, duration_ms FROM spans WHERE parent_id IS NULL LIMIT 20"}'
  POST http://127.0.0.1:8787/cdn-cgi/local/explorer/api/local/observability/clear - clear all captured traces and logs
If the routes above don't cover what you need, fetch the full OpenAPI schema (large - use only as a last resort):
  GET http://127.0.0.1:8787/cdn-cgi/local/explorer/api - OpenAPI schema
[wrangler:info] Ready on http://127.0.0.1:8787
{"evt":"sync","m":"GET","fam":"aucune","st":200,"ms":0,"ver":null,"store":"d1"}
[wrangler:info] GET / 200 OK (6ms)
{"evt":"sync","m":"OPTIONS","fam":"profiles","st":200,"ms":0,"ver":null,"store":"d1"}
[wrangler:info] OPTIONS / 200 OK (3ms)
{"evt":"sync","m":"OPTIONS","fam":"profiles","st":200,"ms":0,"ver":null,"store":"d1"}
{"evt":"sync","m":"OPTIONS","fam":"doclist","st":200,"ms":0,"ver":null,"store":"d1"}
[wrangler:info] OPTIONS / 200 OK (9ms)
[wrangler:info] OPTIONS / 200 OK (8ms)
{"evt":"sync","m":"OPTIONS","fam":"doclist","st":200,"ms":0,"ver":null,"store":"d1"}
[wrangler:info] OPTIONS / 200 OK (7ms)
{"evt":"sync","m":"OPTIONS","fam":"profiles","st":200,"ms":0,"ver":null,"store":"d1"}
{"evt":"sync","m":"OPTIONS","fam":"libsettings","st":200,"ms":1,"ver":null,"store":"d1"}
[wrangler:info] OPTIONS / 200 OK (22ms)
[wrangler:info] OPTIONS / 200 OK (22ms)
{"evt":"sync","m":"GET","fam":"doclist","st":200,"ms":26,"ver":"0","store":"d1"}
{"evt":"sync","m":"GET","fam":"profiles","st":200,"ms":27,"ver":"0","store":"d1"}
[wrangler:info] GET / 200 OK (31ms)
[wrangler:info] GET / 200 OK (34ms)
{"evt":"sync","m":"GET","fam":"libsettings","st":200,"ms":3,"ver":"0","store":"d1"}
[wrangler:info] GET / 200 OK (19ms)
{"evt":"sync","m":"GET","fam":"profiles","st":200,"ms":5,"ver":"0","store":"d1"}
{"evt":"sync","m":"GET","fam":"doclist","st":200,"ms":5,"ver":"0","store":"d1"}
[wrangler:info] GET / 200 OK (12ms)
[wrangler:info] GET / 200 OK (13ms)
{"evt":"sync","m":"PUT","fam":"profiles","st":409,"ms":3,"ver":"0","store":"d1"}
[wrangler:info] PUT / 409 Conflict (8ms)
{"evt":"sync","m":"GET","fam":"profiles","st":200,"ms":2,"ver":"0","store":"d1"}
[wrangler:info] GET / 200 OK (4ms)
{"evt":"sync","m":"PUT","fam":"profiles","st":200,"ms":7,"ver":"1","store":"d1"}
[wrangler:info] PUT / 200 OK (9ms)
{"evt":"sync","m":"OPTIONS","fam":"aucune","st":200,"ms":0,"ver":null,"store":"d1"}
[wrangler:info] OPTIONS / 200 OK (3ms)
{"evt":"sync","m":"GET","fam":"aucune","st":200,"ms":0,"ver":null,"store":"d1"}
[wrangler:info] GET / 200 OK (4ms)
{"evt":"sync","m":"OPTIONS","fam":"profiles","st":200,"ms":1,"ver":null,"store":"d1"}
[wrangler:info] OPTIONS / 200 OK (3ms)
{"evt":"sync","m":"GET","fam":"profiles","st":200,"ms":9,"ver":"1","store":"d1"}
[wrangler:info] GET / 200 OK (11ms)
{"evt":"sync","m":"OPTIONS","fam":"profiles","st":200,"ms":0,"ver":null,"store":"d1"}
[wrangler:info] OPTIONS / 200 OK (10ms)
{"evt":"sync","m":"GET","fam":"profiles","st":200,"ms":6,"ver":"1","store":"d1"}
[wrangler:info] GET / 200 OK (8ms)
{"evt":"sync","m":"OPTIONS","fam":"profiles","st":200,"ms":0,"ver":null,"store":"d1"}
[wrangler:info] OPTIONS / 200 OK (2ms)
{"evt":"sync","m":"PUT","fam":"profiles","st":200,"ms":6,"ver":"2","store":"d1"}
[wrangler:info] PUT / 200 OK (9ms)
{"evt":"sync","m":"OPTIONS","fam":"doclist","st":200,"ms":0,"ver":null,"store":"d1"}
[wrangler:info] OPTIONS / 200 OK (3ms)
{"evt":"sync","m":"OPTIONS","fam":"doclist","st":200,"ms":0,"ver":null,"store":"d1"}
{"evt":"sync","m":"OPTIONS","fam":"profiles","st":200,"ms":0,"ver":null,"store":"d1"}
[wrangler:info] OPTIONS / 200 OK (9ms)
[wrangler:info] OPTIONS / 200 OK (9ms)
{"evt":"sync","m":"GET","fam":"doclist","st":200,"ms":5,"ver":"0","store":"d1"}
[wrangler:info] GET / 200 OK (8ms)
{"evt":"sync","m":"PUT","fam":"profiles","st":200,"ms":6,"ver":"3","store":"d1"}
[wrangler:info] PUT / 200 OK (7ms)
{"evt":"sync","m":"GET","fam":"doclist","st":200,"ms":2,"ver":"0","store":"d1"}
[wrangler:info] GET / 200 OK (5ms)
{"evt":"sync","m":"OPTIONS","fam":"data","st":200,"ms":0,"ver":null,"store":"d1"}
[wrangler:info] OPTIONS / 200 OK (1ms)
{"evt":"sync","m":"GET","fam":"doclist","st":200,"ms":3,"ver":"0","store":"d1"}
[wrangler:info] GET / 200 OK (5ms)
{"evt":"sync","m":"GET","fam":"data","st":200,"ms":1,"ver":"0","store":"d1"}
[wrangler:info] GET / 200 OK (4ms)
{"evt":"sync","m":"GET","fam":"doclist","st":200,"ms":2,"ver":"0","store":"d1"}
[wrangler:info] GET / 200 OK (4ms)
{"evt":"sync","m":"OPTIONS","fam":"libsettings","st":200,"ms":0,"ver":null,"store":"d1"}
[wrangler:info] OPTIONS / 200 OK (2ms)
{"evt":"sync","m":"GET","fam":"libsettings","st":200,"ms":2,"ver":"0","store":"d1"}
[wrangler:info] GET / 200 OK (3ms)
{"evt":"sync","m":"GET","fam":"doclist","st":200,"ms":2,"ver":"0","store":"d1"}
[wrangler:info] GET / 200 OK (3ms)
{"evt":"sync","m":"GET","fam":"doclist","st":200,"ms":2,"ver":"0","store":"d1"}
[wrangler:info] GET / 200 OK (4ms)
{"evt":"sync","m":"OPTIONS","fam":"doclist","st":200,"ms":0,"ver":null,"store":"d1"}
[wrangler:info] OPTIONS / 200 OK (2ms)
{"evt":"sync","m":"GET","fam":"doclist","st":200,"ms":5,"ver":"0","store":"d1"}
[wrangler:info] GET / 200 OK (6ms)
{"evt":"sync","m":"OPTIONS","fam":"doc","st":200,"ms":0,"ver":null,"store":"d1"}
[wrangler:info] OPTIONS / 200 OK (3ms)
{"evt":"sync","m":"PUT","fam":"doc","st":200,"ms":10,"ver":"1","store":"d1"}
[wrangler:info] PUT / 200 OK (13ms)
{"evt":"sync","m":"OPTIONS","fam":"doclist","st":200,"ms":0,"ver":null,"store":"d1"}
[wrangler:info] OPTIONS / 200 OK (16ms)
{"evt":"sync","m":"PUT","fam":"doclist","st":200,"ms":8,"ver":"1","store":"d1"}
[wrangler:info] PUT / 200 OK (10ms)
{"evt":"sync","m":"OPTIONS","fam":"aucune","st":200,"ms":1,"ver":null,"store":"d1"}
[wrangler:info] OPTIONS / 200 OK (3ms)
{"evt":"sync","m":"GET","fam":"aucune","st":200,"ms":0,"ver":null,"store":"d1"}
[wrangler:info] GET / 200 OK (3ms)
{"evt":"sync","m":"OPTIONS","fam":"profiles","st":200,"ms":0,"ver":null,"store":"d1"}
[wrangler:info] OPTIONS / 200 OK (2ms)
{"evt":"sync","m":"GET","fam":"profiles","st":200,"ms":11,"ver":"3","store":"d1"}
[wrangler:info] GET / 200 OK (13ms)
{"evt":"sync","m":"OPTIONS","fam":"doclist","st":200,"ms":0,"ver":null,"store":"d1"}
[wrangler:info] OPTIONS / 200 OK (17ms)
{"evt":"sync","m":"OPTIONS","fam":"doclist","st":200,"ms":0,"ver":null,"store":"d1"}
{"evt":"sync","m":"OPTIONS","fam":"profiles","st":200,"ms":0,"ver":null,"store":"d1"}
[wrangler:info] OPTIONS / 200 OK (7ms)
[wrangler:info] OPTIONS / 200 OK (8ms)
{"evt":"sync","m":"GET","fam":"doclist","st":200,"ms":5,"ver":"1","store":"d1"}
[wrangler:info] GET / 200 OK (7ms)
{"evt":"sync","m":"PUT","fam":"profiles","st":200,"ms":6,"ver":"4","store":"d1"}
[wrangler:info] PUT / 200 OK (7ms)
{"evt":"sync","m":"GET","fam":"doclist","st":200,"ms":3,"ver":"1","store":"d1"}
[wrangler:info] GET / 200 OK (5ms)
{"evt":"sync","m":"OPTIONS","fam":"libsettings","st":200,"ms":0,"ver":null,"store":"d1"}
[wrangler:info] OPTIONS / 200 OK (2ms)
{"evt":"sync","m":"PUT","fam":"doclist","st":200,"ms":4,"ver":"2","store":"d1"}
[wrangler:info] PUT / 200 OK (6ms)
{"evt":"sync","m":"OPTIONS","fam":"doc","st":200,"ms":0,"ver":null,"store":"d1"}
[wrangler:info] OPTIONS / 200 OK (2ms)
{"evt":"sync","m":"GET","fam":"libsettings","st":200,"ms":3,"ver":"0","store":"d1"}
[wrangler:info] GET / 200 OK (5ms)
{"evt":"sync","m":"GET","fam":"doc","st":200,"ms":2,"ver":"1","store":"d1"}
[wrangler:info] GET / 200 OK (9ms)
{"evt":"sync","m":"OPTIONS","fam":"doc","st":200,"ms":0,"ver":null,"store":"d1"}
[wrangler:info] OPTIONS / 200 OK (2ms)
{"evt":"sync","m":"OPTIONS","fam":"doclist","st":200,"ms":0,"ver":null,"store":"d1"}
[wrangler:info] OPTIONS / 200 OK (5ms)
{"evt":"sync","m":"PUT","fam":"doc","st":200,"ms":10,"ver":"2","store":"d1"}
[wrangler:info] PUT / 200 OK (11ms)
{"evt":"sync","m":"PUT","fam":"doclist","st":200,"ms":6,"ver":"3","store":"d1"}
[wrangler:info] PUT / 200 OK (9ms)
{"evt":"sync","m":"OPTIONS","fam":"profiles","st":200,"ms":0,"ver":null,"store":"d1"}
[wrangler:info] OPTIONS / 200 OK (5ms)
{"evt":"sync","m":"OPTIONS","fam":"profiles","st":200,"ms":0,"ver":null,"store":"d1"}
{"evt":"sync","m":"OPTIONS","fam":"doclist","st":200,"ms":0,"ver":null,"store":"d1"}
[wrangler:info] OPTIONS / 200 OK (7ms)
[wrangler:info] OPTIONS / 200 OK (7ms)
{"evt":"sync","m":"OPTIONS","fam":"doclist","st":200,"ms":0,"ver":null,"store":"d1"}
[wrangler:info] OPTIONS / 200 OK (8ms)
{"evt":"sync","m":"OPTIONS","fam":"profiles","st":200,"ms":0,"ver":null,"store":"d1"}
{"evt":"sync","m":"OPTIONS","fam":"libsettings","st":200,"ms":0,"ver":null,"store":"d1"}
[wrangler:info] OPTIONS / 200 OK (5ms)
[wrangler:info] OPTIONS / 200 OK (6ms)
{"evt":"sync","m":"GET","fam":"profiles","st":200,"ms":14,"ver":"4","store":"d1"}
{"evt":"sync","m":"GET","fam":"doclist","st":200,"ms":14,"ver":"3","store":"d1"}
[wrangler:info] GET / 200 OK (22ms)
[wrangler:info] GET / 200 OK (19ms)
{"evt":"sync","m":"GET","fam":"libsettings","st":200,"ms":6,"ver":"0","store":"d1"}
[wrangler:info] GET / 200 OK (28ms)
{"evt":"sync","m":"GET","fam":"doclist","st":200,"ms":8,"ver":"3","store":"d1"}
{"evt":"sync","m":"GET","fam":"profiles","st":200,"ms":8,"ver":"4","store":"d1"}
[wrangler:info] GET / 200 OK (18ms)
[wrangler:info] GET / 200 OK (21ms)
{"evt":"sync","m":"PUT","fam":"profiles","st":409,"ms":2,"ver":"4","store":"d1"}
[wrangler:info] PUT / 409 Conflict (5ms)
{"evt":"sync","m":"OPTIONS","fam":"doc","st":200,"ms":0,"ver":null,"store":"d1"}
[wrangler:info] OPTIONS / 200 OK (4ms)
{"evt":"sync","m":"GET","fam":"profiles","st":200,"ms":4,"ver":"4","store":"d1"}
[wrangler:info] GET / 200 OK (7ms)
{"evt":"sync","m":"GET","fam":"doc","st":200,"ms":5,"ver":"2","store":"d1"}
[wrangler:info] GET / 200 OK (13ms)
{"evt":"sync","m":"PUT","fam":"profiles","st":200,"ms":7,"ver":"5","store":"d1"}
[wrangler:info] PUT / 200 OK (15ms)
{"evt":"sync","m":"OPTIONS","fam":"doc","st":200,"ms":0,"ver":null,"store":"d1"}
[wrangler:info] OPTIONS / 200 OK (4ms)
{"evt":"sync","m":"OPTIONS","fam":"doclist","st":200,"ms":0,"ver":null,"store":"d1"}
[wrangler:info] OPTIONS / 200 OK (4ms)
{"evt":"sync","m":"PUT","fam":"doc","st":200,"ms":9,"ver":"3","store":"d1"}
[wrangler:info] PUT / 200 OK (10ms)
{"evt":"sync","m":"PUT","fam":"doclist","st":200,"ms":5,"ver":"4","store":"d1"}
[wrangler:info] PUT / 200 OK (7ms)
{"evt":"sync","m":"OPTIONS","fam":"profiles","st":200,"ms":0,"ver":null,"store":"d1"}
[wrangler:info] OPTIONS / 200 OK (3ms)
{"evt":"sync","m":"OPTIONS","fam":"profiles","st":200,"ms":0,"ver":null,"store":"d1"}
[wrangler:info] OPTIONS / 200 OK (5ms)
{"evt":"sync","m":"OPTIONS","fam":"doclist","st":200,"ms":0,"ver":null,"store":"d1"}
[wrangler:info] OPTIONS / 200 OK (3ms)
{"evt":"sync","m":"OPTIONS","fam":"doclist","st":200,"ms":0,"ver":null,"store":"d1"}
[wrangler:info] OPTIONS / 200 OK (4ms)
{"evt":"sync","m":"OPTIONS","fam":"profiles","st":200,"ms":0,"ver":null,"store":"d1"}
{"evt":"sync","m":"OPTIONS","fam":"libsettings","st":200,"ms":0,"ver":null,"store":"d1"}
[wrangler:info] OPTIONS / 200 OK (8ms)
[wrangler:info] OPTIONS / 200 OK (9ms)
{"evt":"sync","m":"GET","fam":"doclist","st":200,"ms":7,"ver":"4","store":"d1"}
{"evt":"sync","m":"GET","fam":"profiles","st":200,"ms":7,"ver":"5","store":"d1"}
[wrangler:info] GET / 200 OK (11ms)
[wrangler:info] GET / 200 OK (15ms)
{"evt":"sync","m":"GET","fam":"libsettings","st":200,"ms":4,"ver":"0","store":"d1"}
[wrangler:info] GET / 200 OK (10ms)
{"evt":"sync","m":"GET","fam":"profiles","st":200,"ms":4,"ver":"5","store":"d1"}
{"evt":"sync","m":"GET","fam":"doclist","st":200,"ms":4,"ver":"4","store":"d1"}
[wrangler:info] GET / 200 OK (11ms)
[wrangler:info] GET / 200 OK (12ms)
{"evt":"sync","m":"PUT","fam":"profiles","st":409,"ms":1,"ver":"5","store":"d1"}
[wrangler:info] PUT / 409 Conflict (4ms)
{"evt":"sync","m":"OPTIONS","fam":"doc","st":200,"ms":0,"ver":null,"store":"d1"}
[wrangler:info] OPTIONS / 200 OK (5ms)
{"evt":"sync","m":"GET","fam":"doc","st":200,"ms":4,"ver":"3","store":"d1"}
{"evt":"sync","m":"GET","fam":"profiles","st":200,"ms":5,"ver":"5","store":"d1"}
[wrangler:info] GET / 200 OK (7ms)
[wrangler:info] GET / 200 OK (9ms)
{"evt":"sync","m":"PUT","fam":"profiles","st":200,"ms":5,"ver":"6","store":"d1"}
[wrangler:info] PUT / 200 OK (7ms)
{"evt":"sync","m":"OPTIONS","fam":"doc","st":200,"ms":0,"ver":null,"store":"d1"}
[wrangler:info] OPTIONS / 200 OK (3ms)
{"evt":"sync","m":"OPTIONS","fam":"doclist","st":200,"ms":0,"ver":null,"store":"d1"}
[wrangler:info] OPTIONS / 200 OK (7ms)
{"evt":"sync","m":"PUT","fam":"doc","st":200,"ms":8,"ver":"4","store":"d1"}
[wrangler:info] PUT / 200 OK (10ms)
{"evt":"sync","m":"PUT","fam":"doclist","st":200,"ms":5,"ver":"5","store":"d1"}
[wrangler:info] PUT / 200 OK (7ms)
{"evt":"sync","m":"OPTIONS","fam":"doc","st":200,"ms":0,"ver":null,"store":"d1"}
[wrangler:info] OPTIONS / 200 OK (3ms)
{"evt":"sync","m":"OPTIONS","fam":"doclist","st":200,"ms":0,"ver":null,"store":"d1"}
[wrangler:info] OPTIONS / 200 OK (4ms)
{"evt":"sync","m":"OPTIONS","fam":"profiles","st":200,"ms":0,"ver":null,"store":"d1"}
[wrangler:info] OPTIONS / 200 OK (4ms)
{"evt":"sync","m":"OPTIONS","fam":"profiles","st":200,"ms":0,"ver":null,"store":"d1"}
[wrangler:info] OPTIONS / 200 OK (3ms)
{"evt":"sync","m":"OPTIONS","fam":"doclist","st":200,"ms":0,"ver":null,"store":"d1"}
[wrangler:info] OPTIONS / 200 OK (4ms)
{"evt":"sync","m":"OPTIONS","fam":"libsettings","st":200,"ms":0,"ver":null,"store":"d1"}
{"evt":"sync","m":"OPTIONS","fam":"doclist","st":200,"ms":0,"ver":null,"store":"d1"}
{"evt":"sync","m":"OPTIONS","fam":"profiles","st":200,"ms":0,"ver":null,"store":"d1"}
[wrangler:info] OPTIONS / 200 OK (5ms)
[wrangler:info] OPTIONS / 200 OK (7ms)
[wrangler:info] OPTIONS / 200 OK (7ms)
{"evt":"sync","m":"PUT","fam":"doc","st":409,"ms":4,"ver":"4","store":"d1"}
[wrangler:info] PUT / 409 Conflict (5ms)
{"evt":"sync","m":"PUT","fam":"doclist","st":409,"ms":2,"ver":"5","store":"d1"}
[wrangler:info] PUT / 409 Conflict (4ms)
{"evt":"sync","m":"GET","fam":"profiles","st":200,"ms":2,"ver":"6","store":"d1"}
[wrangler:info] GET / 200 OK (4ms)
{"evt":"sync","m":"GET","fam":"doclist","st":200,"ms":2,"ver":"5","store":"d1"}
[wrangler:info] GET / 200 OK (3ms)
{"evt":"sync","m":"GET","fam":"libsettings","st":200,"ms":3,"ver":"0","store":"d1"}
[wrangler:info] GET / 200 OK (5ms)
{"evt":"sync","m":"GET","fam":"profiles","st":200,"ms":3,"ver":"6","store":"d1"}
[wrangler:info] GET / 200 OK (4ms)
{"evt":"sync","m":"GET","fam":"doclist","st":200,"ms":2,"ver":"5","store":"d1"}
[wrangler:info] GET / 200 OK (4ms)
{"evt":"sync","m":"PUT","fam":"profiles","st":409,"ms":1,"ver":"6","store":"d1"}
[wrangler:info] PUT / 409 Conflict (3ms)
{"evt":"sync","m":"PUT","fam":"doclist","st":200,"ms":4,"ver":"6","store":"d1"}
[wrangler:info] PUT / 200 OK (6ms)
{"evt":"sync","m":"GET","fam":"doc","st":200,"ms":2,"ver":"4","store":"d1"}
[wrangler:info] GET / 200 OK (4ms)
{"evt":"sync","m":"GET","fam":"profiles","st":200,"ms":2,"ver":"6","store":"d1"}
[wrangler:info] GET / 200 OK (8ms)
{"evt":"sync","m":"PUT","fam":"profiles","st":200,"ms":6,"ver":"7","store":"d1"}
[wrangler:info] PUT / 200 OK (7ms)
{"evt":"sync","m":"OPTIONS","fam":"doclist","st":200,"ms":0,"ver":null,"store":"d1"}
[wrangler:info] OPTIONS / 200 OK (16ms)
{"evt":"sync","m":"GET","fam":"doclist","st":200,"ms":11,"ver":"6","store":"d1"}
[wrangler:info] GET / 200 OK (12ms)
{"evt":"sync","m":"OPTIONS","fam":"doc","st":200,"ms":0,"ver":null,"store":"d1"}
[wrangler:info] OPTIONS / 200 OK (2ms)
{"evt":"sync","m":"PUT","fam":"doc","st":200,"ms":8,"ver":"5","store":"d1"}
[wrangler:info] PUT / 200 OK (11ms)
{"evt":"sync","m":"OPTIONS","fam":"doclist","st":200,"ms":0,"ver":null,"store":"d1"}
[wrangler:info] OPTIONS / 200 OK (2ms)
{"evt":"sync","m":"PUT","fam":"doclist","st":409,"ms":4,"ver":"6","store":"d1"}
[wrangler:info] PUT / 409 Conflict (6ms)
{"evt":"sync","m":"GET","fam":"doclist","st":200,"ms":3,"ver":"6","store":"d1"}
[wrangler:info] GET / 200 OK (4ms)
{"evt":"sync","m":"PUT","fam":"doclist","st":200,"ms":5,"ver":"7","store":"d1"}
[wrangler:info] PUT / 200 OK (7ms)
